// Jest Snapshot v1, https://goo.gl/fbAQLP

exports[`AddCategory should render correctly 1`] = `
<form
  onSubmit={[Function]}
>
  <input
    onChange={[Function]}
    placeholder="Add a category"
    type="text"
    value=""
  />
</form>
`;
